{"level": "info", "method": "GET", "ms": 2, "path": "/v1/health", "request_id": "3f694405-a78c-47c6-a4d7-c7588b380f6a", "status": 200, "ts": "2026-08-17T23:21:48.648577+00:00"}
{"level": "info", "method": "POST", "ms": 10, "path": "/v1/searches", "request_id": "9468647a-c28e-4a93-8a59-1942aeb2552c", "status": 201, "ts": "2026-08-17T23:21:48.673462+00:00"}
{"level": "info", "method": "GET", "ms": 4, "path": "/v1/searches/4af2aeb5-8045-4da0-a07e-d95ebeea561b/events", "request_id": "e189714e-0c31-4bb0-bc27-28e734491a10", "status": 200, "ts": "2026-08-17T23:21:48.721864+00:00"}
{"level": "info", "method": "GET", "ms": 5, "path": "/v1/searches/4af2aeb5-8045-4da0-a07e-d95ebeea561b", "request_id": "73c305ee-dac8-4bec-ac7f-d23e73068a6e", "status": 200, "ts": "2026-08-17T23:21:48.727609+00:00"}
{"level": "info", "method": "GET", "ms": 1, "path": "/v1/searches/4af2aeb5-8045-4da0-a07e-d95ebeea561b", "request_id": "224d4727-fdb5-4a4e-96f9-79a77410ccde", "status": 200, "ts": "2026-08-17T23:21:50.782653+00:00"}
{"level": "info", "method": "GET", "ms": 1, "path": "/v1/searches/4af2aeb5-8045-4da0-a07e-d95ebeea561b", "request_id": "df5870f0-0851-4708-9b52-283b91c8736d", "status": 200, "ts": "2026-08-17T23:21:52.849682+00:00"}
{"level": "info", "method": "GET", "ms": 1, "path": "/v1/searches/4af2aeb5-8045-4da0-a07e-d95ebeea561b", "request_id": "e291f6e2-f180-4c15-99cb-55263fd5abbd", "status": 200, "ts": "2026-08-17T23:21:54.916372+00:00"}
{"level": "info", "method": "GET", "ms": 1, "path": "/v1/searches/4af2aeb5-8045-4da0-a07e-d95ebeea561b", "request_id": "20f2f6c4-3f80-4511-8985-fdcadb30b100", "status": 200, "ts": "2026-08-17T23:21:56.981415+00:00"}
{"level": "info", "method": "GET", "ms": 1, "path": "/v1/searches/4af2aeb5-8045-4da0-a07e-d95ebeea561b", "request_id": "c7a2c1f9-03fc-469e-8a7f-ff9ecd37dea3", "status": 200, "ts": "2026-08-17T23:21:59.047170+00:00"}
{"level": "info", "method": "GET", "ms": 0, "path": "/v1/searches/4af2aeb5-8045-4da0-a07e-d95ebeea561b", "request_id": "acd735c5-d997-41d4-a17c-c74f9f6bec3d", "status": 200, "ts": "2026-08-17T23:22:01.098332+00:00"}
{"level": "info", "method": "GET", "ms": 0, "path": "/v1/searches/4af2aeb5-8045-4da0-a07e-d95ebeea561b", "request_id": "dfb07670-fff0-44ce-9e7e-430db7de4d39", "status": 200, "ts": "2026-08-17T23:22:03.133012+00:00"}
{"level": "info", "method": "GET", "ms": 0, "path": "/v1/searches/4af2aeb5-8045-4da0-a07e-d95ebeea561b", "request_id": "aef77cb2-0da5-4723-a0cd-3ee74e1df432", "status": 200, "ts": "2026-08-17T23:22:05.178568+00:00"}
{"level": "info", "method": "GET", "ms": 0, "path": "/v1/searches/4af2aeb5-8045-4da0-a07e-d95ebeea561b", "request_id": "a4f361ac-bd36-4ffd-9398-76b746445ef2", "status": 200, "ts": "2026-08-17T23:22:07.258163+00:00"}
{"level": "info", "method": "GET", "ms": 1, "path": "/v1/searches/4af2aeb5-8045-4da0-a07e-d95ebeea561b", "request_id": "88954aa1-4ce3-46ab-8cbe-73afbb8ed91c", "status": 200, "ts": "2026-08-17T23:22:09.428742+00:00"}
{"level": "info", "method": "GET", "ms": 0, "path": "/v1/searches/4af2aeb5-8045-4da0-a07e-d95ebeea561b", "request_id": "5444ef35-9983-4ef1-8015-c1901ecb9ab1", "status": 200, "ts": "2026-08-17T23:22:11.489128+00:00"}
{"level": "info", "method": "GET", "ms": 7, "path": "/v1/searches/4af2aeb5-8045-4da0-a07e-d95ebeea561b", "request_id": "94ecd479-cae7-4a1c-82f5-791e824a0a48", "status": 200, "ts": "2026-08-17T23:22:13.553991+00:00"}
{"level": "info", "method": "GET", "ms": 32, "path": "/v1/searches/4af2aeb5-8045-4da0-a07e-d95ebeea561b", "request_id": "7a74f18a-a0db-4171-aab0-63ba2ea814f4", "status": 200, "ts": "2026-08-17T23:22:15.626348+00:00"}
{"level": "info", "method": "GET", "ms": 1, "path": "/v1/searches/4af2aeb5-8045-4da0-a07e-d95ebeea561b", "request_id": "0e3c439d-9a76-45a3-bc21-08a80e736a14", "status": 200, "ts": "2026-08-17T23:22:17.676029+00:00"}
{"level": "info", "method": "GET", "ms": 0, "path": "/v1/searches/4af2aeb5-8045-4da0-a07e-d95ebeea561b", "request_id": "e7a4eb2d-d69e-4624-b79e-e45118b325f7", "status": 200, "ts": "2026-08-17T23:22:19.716091+00:00"}
{"level": "info", "method": "GET", "ms": 0, "path": "/v1/searches/4af2aeb5-8045-4da0-a07e-d95ebeea561b", "request_id": "0bda5e8d-ecc9-4926-a4e0-33b9bef02871", "status": 200, "ts": "2026-08-17T23:22:21.754974+00:00"}
{"level": "info", "method": "GET", "ms": 0, "path": "/v1/searches/4af2aeb5-8045-4da0-a07e-d95ebeea561b", "request_id": "451226ac-1a8d-4144-bd9e-74c240b8fb5a", "status": 200, "ts": "2026-08-17T23:22:23.794502+00:00"}
{"level": "info", "method": "GET", "ms": 0, "path": "/v1/searches/4af2aeb5-8045-4da0-a07e-d95ebeea561b", "request_id": "53734858-2877-4bef-9a6e-d6b9dcc6a7c7", "status": 200, "ts": "2026-08-17T23:22:25.835323+00:00"}
{"level": "info", "method": "GET", "ms": 0, "path": "/v1/searches/4af2aeb5-8045-4da0-a07e-d95ebeea561b", "request_id": "b44113b3-859a-47e8-a2b7-303ae4c1f94e", "status": 200, "ts": "2026-08-17T23:22:27.876217+00:00"}
{"level": "info", "method": "GET", "ms": 0, "path": "/v1/searches/4af2aeb5-8045-4da0-a07e-d95ebeea561b", "request_id": "b2ed790c-6ac7-44dd-81d9-1468ddfeac3b", "status": 200, "ts": "2026-08-17T23:22:29.912560+00:00"}
{"level": "info", "method": "GET", "ms": 0, "path": "/v1/searches/4af2aeb5-8045-4da0-a07e-d95ebeea561b", "request_id": "e0fadb93-51df-41fc-b11b-c6f1a3b14237", "status": 200, "ts": "2026-08-17T23:22:31.953330+00:00"}
{"level": "info", "method": "GET", "ms": 0, "path": "/v1/searches/4af2aeb5-8045-4da0-a07e-d95ebeea561b", "request_id": "53ff15b6-042d-4906-adae-60359f91812b", "status": 200, "ts": "2026-08-17T23:22:33.992281+00:00"}
{"level": "info", "method": "GET", "ms": 0, "path": "/v1/searches/4af2aeb5-8045-4da0-a07e-d95ebeea561b", "request_id": "0531897c-68cb-41fd-915e-5b4c51463346", "status": 200, "ts": "2026-08-17T23:22:36.029538+00:00"}
{"level": "info", "method": "GET", "ms": 0, "path": "/v1/searches/4af2aeb5-8045-4da0-a07e-d95ebeea561b", "request_id": "bc4b20af-4d65-4c4a-b3b5-0ae7b081d791", "status": 200, "ts": "2026-08-17T23:22:38.070453+00:00"}
{"level": "info", "method": "GET", "ms": 1, "path": "/v1/searches/4af2aeb5-8045-4da0-a07e-d95ebeea561b", "request_id": "74049d9d-d797-4e94-a50a-80f5bdf2b0d0", "status": 200, "ts": "2026-08-17T23:22:40.116685+00:00"}
{"level": "info", "method": "GET", "ms": 1, "path": "/v1/searches/4af2aeb5-8045-4da0-a07e-d95ebeea561b", "request_id": "cbf37209-c474-4a5a-a3af-4b832589a0fd", "status": 200, "ts": "2026-08-17T23:22:42.173087+00:00"}
{"level": "info", "method": "GET", "ms": 1, "path": "/v1/searches/4af2aeb5-8045-4da0-a07e-d95ebeea561b", "request_id": "a5a2f240-9a12-4d2b-b841-d24457cdaba0", "status": 200, "ts": "2026-08-17T23:22:44.225387+00:00"}
{"level": "info", "method": "GET", "ms": 1, "path": "/v1/searches/4af2aeb5-8045-4da0-a07e-d95ebeea561b", "request_id": "eab12ac8-2995-40dc-a24a-6dbb43ac2f59", "status": 200, "ts": "2026-08-17T23:22:46.289968+00:00"}
{"level": "info", "method": "GET", "ms": 1, "path": "/v1/searches/4af2aeb5-8045-4da0-a07e-d95ebeea561b", "request_id": "656ac48c-c17f-4d69-b915-d1d0aa39712f", "status": 200, "ts": "2026-08-17T23:22:48.357447+00:00"}
{"level": "info", "method": "GET", "ms": 1, "path": "/v1/searches/4af2aeb5-8045-4da0-a07e-d95ebeea561b", "request_id": "c19d7d53-9ad0-4ff7-bdaf-be08d2a3f22a", "status": 200, "ts": "2026-08-17T23:22:50.414533+00:00"}
{"level": "info", "method": "GET", "ms": 1, "path": "/v1/searches/4af2aeb5-8045-4da0-a07e-d95ebeea561b", "request_id": "dfc43efd-91d4-43c6-9178-d79c907a0b66", "status": 200, "ts": "2026-08-17T23:22:52.479963+00:00"}
{"level": "info", "method": "GET", "ms": 1, "path": "/v1/searches/4af2aeb5-8045-4da0-a07e-d95ebeea561b", "request_id": "3f96f03d-6cf9-447d-878f-f4cd5072b85a", "status": 200, "ts": "2026-08-17T23:22:54.545896+00:00"}
{"level": "info", "method": "GET", "ms": 0, "path": "/v1/searches/4af2aeb5-8045-4da0-a07e-d95ebeea561b", "request_id": "5f1ef51c-6966-4a07-8f4d-cb06021cca40", "status": 200, "ts": "2026-08-17T23:22:56.597919+00:00"}
{"level": "info", "method": "GET", "ms": 1, "path": "/v1/searches/4af2aeb5-8045-4da0-a07e-d95ebeea561b", "request_id": "1cae6577-4aad-437e-9a02-5ce70bed0cc6", "status": 200, "ts": "2026-08-17T23:22:58.638107+00:00"}
{"level": "info", "method": "GET", "ms": 0, "path": "/v1/searches/4af2aeb5-8045-4da0-a07e-d95ebeea561b", "request_id": "6274cff8-1377-4536-916d-5ce4da784bca", "status": 200, "ts": "2026-08-17T23:23:00.680865+00:00"}
{"level": "info", "method": "GET", "ms": 0, "path": "/v1/searches/4af2aeb5-8045-4da0-a07e-d95ebeea561b", "request_id": "87d81367-b6a8-4eab-986a-535bc2566b4d", "status": 200, "ts": "2026-08-17T23:23:02.808996+00:00"}
{"level": "info", "method": "GET", "ms": 1, "path": "/v1/searches/4af2aeb5-8045-4da0-a07e-d95ebeea561b", "request_id": "5feee8db-ad87-4b56-88d2-eb2f4c658f48", "status": 200, "ts": "2026-08-17T23:23:05.003365+00:00"}
{"level": "info", "method": "GET", "ms": 0, "path": "/v1/searches/4af2aeb5-8045-4da0-a07e-d95ebeea561b", "request_id": "fbd7a277-85e7-453f-b549-885d8fe79d7a", "status": 200, "ts": "2026-08-17T23:23:07.065150+00:00"}
{"level": "info", "method": "GET", "ms": 0, "path": "/v1/searches/4af2aeb5-8045-4da0-a07e-d95ebeea561b", "request_id": "017b4c23-b66d-4c2b-9efc-51c4ed6244a1", "status": 200, "ts": "2026-08-17T23:23:09.110534+00:00"}
{"level": "info", "method": "GET", "ms": 0, "path": "/v1/searches/4af2aeb5-8045-4da0-a07e-d95ebeea561b", "request_id": "67add9a4-98a5-412b-9b33-f21b413e7e0e", "status": 200, "ts": "2026-08-17T23:23:11.163283+00:00"}
{"level": "info", "method": "GET", "ms": 0, "path": "/v1/searches/4af2aeb5-8045-4da0-a07e-d95ebeea561b", "request_id": "5d753813-37e9-4135-822d-ce922f33960a", "status": 200, "ts": "2026-08-17T23:23:13.209974+00:00"}
{"level": "info", "method": "GET", "ms": 1, "path": "/v1/searches/4af2aeb5-8045-4da0-a07e-d95ebeea561b", "request_id": "11437f5a-22ef-4d24-9256-461860ab5dd4", "status": 200, "ts": "2026-08-17T23:23:15.267728+00:00"}
{"level": "info", "method": "GET", "ms": 1, "path": "/v1/searches/4af2aeb5-8045-4da0-a07e-d95ebeea561b", "request_id": "be70a800-1477-4422-ac3b-937a0ff6a31e", "status": 200, "ts": "2026-08-17T23:23:17.333343+00:00"}
{"level": "info", "method": "GET", "ms": 1, "path": "/v1/searches/4af2aeb5-8045-4da0-a07e-d95ebeea561b", "request_id": "331f6847-a464-47f5-8c5c-0dc63e014633", "status": 200, "ts": "2026-08-17T23:23:19.402452+00:00"}
{"level": "info", "method": "GET", "ms": 1, "path": "/v1/searches/4af2aeb5-8045-4da0-a07e-d95ebeea561b", "request_id": "bd80a7ec-c7d8-40ff-b5dc-a4f8df4367a2", "status": 200, "ts": "2026-08-17T23:23:21.470062+00:00"}
{"level": "info", "method": "GET", "ms": 1, "path": "/v1/searches/4af2aeb5-8045-4da0-a07e-d95ebeea561b", "request_id": "d33b7a4e-bec1-48d2-899c-6347b1fdc951", "status": 200, "ts": "2026-08-17T23:23:23.541408+00:00"}
{"level": "info", "method": "GET", "ms": 1, "path": "/v1/searches/4af2aeb5-8045-4da0-a07e-d95ebeea561b", "request_id": "2f7fd409-2312-4043-bebb-198e119c2de3", "status": 200, "ts": "2026-08-17T23:23:25.616758+00:00"}
{"level": "info", "method": "GET", "ms": 1, "path": "/v1/searches/4af2aeb5-8045-4da0-a07e-d95ebeea561b", "request_id": "e939e365-d563-4908-a0ac-c25933ede214", "status": 200, "ts": "2026-08-17T23:23:27.688658+00:00"}
{"level": "info", "method": "GET", "ms": 1, "path": "/v1/searches/4af2aeb5-8045-4da0-a07e-d95ebeea561b", "request_id": "ca7ab2c5-d0a7-4c94-b7ec-075dda06bc55", "status": 200, "ts": "2026-08-17T23:23:29.760503+00:00"}
{"level": "info", "method": "GET", "ms": 1, "path": "/v1/searches/4af2aeb5-8045-4da0-a07e-d95ebeea561b", "request_id": "39150fbe-6124-451e-80fd-f39fec1b47a0", "status": 200, "ts": "2026-08-17T23:23:31.837117+00:00"}
{"level": "info", "method": "GET", "ms": 1, "path": "/v1/searches/4af2aeb5-8045-4da0-a07e-d95ebeea561b", "request_id": "052aec00-de4f-4c6c-9857-a9fd197ee336", "status": 200, "ts": "2026-08-17T23:23:33.899953+00:00"}
{"level": "info", "method": "GET", "ms": 1, "path": "/v1/searches/4af2aeb5-8045-4da0-a07e-d95ebeea561b", "request_id": "3a25b961-6f7b-4f2e-889e-5914fc88d021", "status": 200, "ts": "2026-08-17T23:23:35.968206+00:00"}
{"level": "info", "method": "GET", "ms": 1, "path": "/v1/searches/4af2aeb5-8045-4da0-a07e-d95ebeea561b", "request_id": "69cf8aa2-ba40-4fc0-a5ca-8d45b1738ab4", "status": 200, "ts": "2026-08-17T23:23:38.037697+00:00"}
{"level": "info", "method": "GET", "ms": 4, "path": "/v1/searches/4af2aeb5-8045-4da0-a07e-d95ebeea561b", "request_id": "64255552-fe2f-4b5a-8de1-112d0dee8e1a", "status": 200, "ts": "2026-08-17T23:23:40.111145+00:00"}
{"level": "info", "method": "GET", "ms": 1, "path": "/v1/searches/4af2aeb5-8045-4da0-a07e-d95ebeea561b", "request_id": "811fa456-6f43-4cab-a7cf-923260f52b9e", "status": 200, "ts": "2026-08-17T23:23:42.183417+00:00"}
{"level": "info", "method": "GET", "ms": 1, "path": "/v1/searches/4af2aeb5-8045-4da0-a07e-d95ebeea561b", "request_id": "711c6fb2-71ed-4275-99fd-0560a09a8949", "status": 200, "ts": "2026-08-17T23:23:44.252254+00:00"}
{"level": "info", "method": "GET", "ms": 1, "path": "/v1/searches/4af2aeb5-8045-4da0-a07e-d95ebeea561b", "request_id": "d0411245-76e9-4d65-b7ef-a793bd3ec7d4", "status": 200, "ts": "2026-08-17T23:23:46.319307+00:00"}
{"level": "info", "method": "GET", "ms": 1, "path": "/v1/searches/4af2aeb5-8045-4da0-a07e-d95ebeea561b", "request_id": "43944a1d-890c-4aa4-837f-6629d0ed5f6b", "status": 200, "ts": "2026-08-17T23:23:48.376534+00:00"}
{"level": "info", "method": "GET", "ms": 1, "path": "/v1/searches/4af2aeb5-8045-4da0-a07e-d95ebeea561b", "request_id": "3113b52a-d447-469b-bd85-e74e8d2a6340", "status": 200, "ts": "2026-08-17T23:23:50.440823+00:00"}
{"level": "info", "method": "GET", "ms": 1, "path": "/v1/searches/4af2aeb5-8045-4da0-a07e-d95ebeea561b", "request_id": "ec01ffd4-09ca-4e9e-b4e7-5896f11c0791", "status": 200, "ts": "2026-08-17T23:23:52.502576+00:00"}
{"level": "info", "method": "GET", "ms": 0, "path": "/v1/searches/4af2aeb5-8045-4da0-a07e-d95ebeea561b", "request_id": "0e0bd8bd-c077-4648-93ca-e5b8f1fd7780", "status": 200, "ts": "2026-08-17T23:23:54.547209+00:00"}
{"level": "info", "method": "GET", "ms": 4, "path": "/v1/searches/4af2aeb5-8045-4da0-a07e-d95ebeea561b/results", "request_id": "ad5f560f-217d-4328-993f-4d2b3d95fcab", "status": 200, "ts": "2026-08-17T23:23:54.582657+00:00"}
{"level": "info", "method": "GET", "ms": 57, "path": "/v1/health", "request_id": "511897f7-a4af-49c7-b192-2c8783c71bbf", "status": 200, "ts": "2026-08-18T00:44:37.326141+00:00"}
{"level": "info", "method": "POST", "ms": 64, "path": "/v1/searches", "request_id": "c2884ac9-067a-41d7-9dd5-4334f49a166d", "status": 201, "ts": "2026-08-18T00:44:37.408246+00:00"}
{"level": "info", "method": "GET", "ms": 1, "path": "/v1/searches/80df162d-1aa1-4d89-82d1-163f1dd21b45/events", "request_id": "8b0f1a1f-fb30-4024-a444-e6b6e7193850", "status": 200, "ts": "2026-08-18T00:44:37.453394+00:00"}
{"level": "info", "method": "GET", "ms": 1, "path": "/v1/searches/80df162d-1aa1-4d89-82d1-163f1dd21b45", "request_id": "cdb81d44-f94d-414f-8eab-dc14642f9b92", "status": 200, "ts": "2026-08-18T00:44:37.458394+00:00"}
{"level": "info", "method": "GET", "ms": 0, "path": "/v1/searches/80df162d-1aa1-4d89-82d1-163f1dd21b45", "request_id": "3a16c663-1541-4127-8f9a-7acbb1197709", "status": 200, "ts": "2026-08-18T00:44:39.507500+00:00"}
{"level": "info", "method": "GET", "ms": 0, "path": "/v1/searches/80df162d-1aa1-4d89-82d1-163f1dd21b45", "request_id": "144ac522-e445-4447-bcbf-ac04c296d786", "status": 200, "ts": "2026-08-18T00:44:41.560090+00:00"}
{"level": "info", "method": "GET", "ms": 0, "path": "/v1/searches/80df162d-1aa1-4d89-82d1-163f1dd21b45", "request_id": "aa4eb333-72bd-48bb-957f-19dc011e75a0", "status": 200, "ts": "2026-08-18T00:44:43.615101+00:00"}
{"level": "info", "method": "GET", "ms": 1, "path": "/v1/searches/80df162d-1aa1-4d89-82d1-163f1dd21b45", "request_id": "99ebf79e-3788-4275-b0c3-f5f903bb30f2", "status": 200, "ts": "2026-08-18T00:44:45.665211+00:00"}
{"level": "info", "method": "GET", "ms": 1, "path": "/v1/searches/80df162d-1aa1-4d89-82d1-163f1dd21b45", "request_id": "1847b4fd-e32a-4653-aff9-7b6a3b38d367", "status": 200, "ts": "2026-08-18T00:44:47.717520+00:00"}
{"level": "info", "method": "GET", "ms": 0, "path": "/v1/searches/80df162d-1aa1-4d89-82d1-163f1dd21b45", "request_id": "339fa1af-8619-421b-8be2-2d5761988708", "status": 200, "ts": "2026-08-18T00:44:49.776132+00:00"}
{"level": "info", "method": "GET", "ms": 0, "path": "/v1/searches/80df162d-1aa1-4d89-82d1-163f1dd21b45", "request_id": "75e425b8-e8ed-439d-8381-1743aaf3d98f", "status": 200, "ts": "2026-08-18T00:44:51.832581+00:00"}
{"level": "info", "method": "GET", "ms": 1, "path": "/v1/searches/80df162d-1aa1-4d89-82d1-163f1dd21b45", "request_id": "14ce89be-7676-4c18-a804-f4328f90caee", "status": 200, "ts": "2026-08-18T00:44:53.877194+00:00"}
{"level": "info", "method": "GET", "ms": 0, "path": "/v1/searches/80df162d-1aa1-4d89-82d1-163f1dd21b45", "request_id": "1fde7fa9-553b-471d-8cc7-6346d57c5063", "status": 200, "ts": "2026-08-18T00:44:55.926630+00:00"}
{"level": "info", "method": "GET", "ms": 1, "path": "/v1/searches/80df162d-1aa1-4d89-82d1-163f1dd21b45", "request_id": "48b7a400-2d68-4309-9560-a2e5ae00869c", "status": 200, "ts": "2026-08-18T00:44:57.979331+00:00"}
{"level": "info", "method": "GET", "ms": 1, "path": "/v1/searches/80df162d-1aa1-4d89-82d1-163f1dd21b45", "request_id": "84016cc2-da46-4f48-bddb-7740634be9f4", "status": 200, "ts": "2026-08-18T00:45:00.025702+00:00"}
{"level": "info", "method": "GET", "ms": 1, "path": "/v1/searches/80df162d-1aa1-4d89-82d1-163f1dd21b45", "request_id": "edbda870-2804-4927-bb8c-4549e7f8eb0c", "status": 200, "ts": "2026-08-18T00:45:02.084308+00:00"}
{"level": "info", "method": "GET", "ms": 0, "path": "/v1/searches/80df162d-1aa1-4d89-82d1-163f1dd21b45", "request_id": "bbe6bc53-8ab0-422e-9370-c12a3b119478", "status": 200, "ts": "2026-08-18T00:45:04.139694+00:00"}
{"level": "info", "method": "GET", "ms": 1, "path": "/v1/searches/80df162d-1aa1-4d89-82d1-163f1dd21b45", "request_id": "009170d2-213d-4447-9fba-1835ae71d10d", "status": 200, "ts": "2026-08-18T00:45:06.191269+00:00"}
{"level": "info", "method": "GET", "ms": 0, "path": "/v1/searches/80df162d-1aa1-4d89-82d1-163f1dd21b45", "request_id": "acd1075c-10a3-433c-9dcc-6ccf384257f2", "status": 200, "ts": "2026-08-18T00:45:08.253119+00:00"}
{"level": "info", "method": "GET", "ms": 1, "path": "/v1/searches/80df162d-1aa1-4d89-82d1-163f1dd21b45", "request_id": "08c1ee73-db37-4cbf-9b98-01153e04d11e", "status": 200, "ts": "2026-08-18T00:45:10.312133+00:00"}
{"level": "info", "method": "GET", "ms": 1, "path": "/v1/searches/80df162d-1aa1-4d89-82d1-163f1dd21b45", "request_id": "0c50b184-0d50-4feb-ad61-6de8e4770af9", "status": 200, "ts": "2026-08-18T00:45:12.363590+00:00"}
{"level": "info", "method": "GET", "ms": 1, "path": "/v1/searches/80df162d-1aa1-4d89-82d1-163f1dd21b45", "request_id": "9022e436-fd7f-48c0-98ff-9bd71c73c39c", "status": 200, "ts": "2026-08-18T00:45:14.420830+00:00"}
{"level": "info", "method": "GET", "ms": 1, "path": "/v1/searches/80df162d-1aa1-4d89-82d1-163f1dd21b45", "request_id": "85f91802-adcb-40c5-8396-3a4f8de6e973", "status": 200, "ts": "2026-08-18T00:45:16.476234+00:00"}
{"level": "info", "method": "GET", "ms": 0, "path": "/v1/searches/80df162d-1aa1-4d89-82d1-163f1dd21b45", "request_id": "81a6428c-73ae-46bc-a0da-ba869c751c3c", "status": 200, "ts": "2026-08-18T00:45:18.539011+00:00"}
{"level": "info", "method": "GET", "ms": 0, "path": "/v1/searches/80df162d-1aa1-4d89-82d1-163f1dd21b45", "request_id": "b48b464f-fb6b-4cc3-b88e-061ecc05ed61", "status": 200, "ts": "2026-08-18T00:45:20.589418+00:00"}
{"level": "info", "method": "GET", "ms": 0, "path": "/v1/searches/80df162d-1aa1-4d89-82d1-163f1dd21b45", "request_id": "1ee9d2af-ed84-4749-b73e-43aa18f40548", "status": 200, "ts": "2026-08-18T00:45:22.642210+00:00"}
{"level": "info", "method": "GET", "ms": 0, "path": "/v1/searches/80df162d-1aa1-4d89-82d1-163f1dd21b45", "request_id": "e7f1ac3c-357d-4e4d-87ec-e3ec295d00ad", "status": 200, "ts": "2026-08-18T00:45:24.699780+00:00"}
{"level": "info", "method": "GET", "ms": 0, "path": "/v1/searches/80df162d-1aa1-4d89-82d1-163f1dd21b45", "request_id": "e4a06c8d-37ab-416a-a7c5-1248a2030a01", "status": 200, "ts": "2026-08-18T00:45:26.740894+00:00"}
{"level": "info", "method": "GET", "ms": 0, "path": "/v1/searches/80df162d-1aa1-4d89-82d1-163f1dd21b45", "request_id": "f682b998-07b0-4bac-aaf2-694f16c55d94", "status": 200, "ts": "2026-08-18T00:45:28.791340+00:00"}
{"level": "info", "method": "GET", "ms": 0, "path": "/v1/searches/80df162d-1aa1-4d89-82d1-163f1dd21b45", "request_id": "14202d70-c4b1-4b69-9058-437a93061bb3", "status": 200, "ts": "2026-08-18T00:45:30.842063+00:00"}
{"level": "info", "method": "GET", "ms": 0, "path": "/v1/searches/80df162d-1aa1-4d89-82d1-163f1dd21b45", "request_id": "b666a7f0-a881-40d9-9402-583469d0c15b", "status": 200, "ts": "2026-08-18T00:45:32.890709+00:00"}
{"level": "info", "method": "GET", "ms": 0, "path": "/v1/searches/80df162d-1aa1-4d89-82d1-163f1dd21b45", "request_id": "c96a3754-5117-48e1-803f-f93108a3b07b", "status": 200, "ts": "2026-08-18T00:45:34.940649+00:00"}
{"level": "info", "method": "GET", "ms": 0, "path": "/v1/searches/80df162d-1aa1-4d89-82d1-163f1dd21b45", "request_id": "ae4cad0c-1453-4d42-aeb5-c2952257ed15", "status": 200, "ts": "2026-08-18T00:45:36.993760+00:00"}
{"level": "info", "method": "GET", "ms": 1, "path": "/v1/searches/80df162d-1aa1-4d89-82d1-163f1dd21b45", "request_id": "e5016f08-b8a8-476f-af8b-13786744e551", "status": 200, "ts": "2026-08-18T00:45:39.049636+00:00"}
{"level": "info", "method": "GET", "ms": 0, "path": "/v1/searches/80df162d-1aa1-4d89-82d1-163f1dd21b45", "request_id": "f8a84786-729f-43f7-a6be-c6d14e4af44e", "status": 200, "ts": "2026-08-18T00:45:41.102851+00:00"}
{"level": "info", "method": "GET", "ms": 1, "path": "/v1/searches/80df162d-1aa1-4d89-82d1-163f1dd21b45", "request_id": "848bcaea-a82c-45e3-81cd-b7509a4e00d4", "status": 200, "ts": "2026-08-18T00:45:43.153962+00:00"}
{"level": "info", "method": "GET", "ms": 0, "path": "/v1/searches/80df162d-1aa1-4d89-82d1-163f1dd21b45", "request_id": "8ba1181e-e48a-4b03-b4f8-bea673ebc8da", "status": 200, "ts": "2026-08-18T00:45:45.209195+00:00"}
{"level": "info", "method": "GET", "ms": 0, "path": "/v1/searches/80df162d-1aa1-4d89-82d1-163f1dd21b45", "request_id": "f86bdf59-b91e-45d7-bc0f-89d11b3f014f", "status": 200, "ts": "2026-08-18T00:45:47.261272+00:00"}
{"level": "info", "method": "GET", "ms": 0, "path": "/v1/searches/80df162d-1aa1-4d89-82d1-163f1dd21b45", "request_id": "e62f3055-fbd2-49d8-8e53-f478d50c8148", "status": 200, "ts": "2026-08-18T00:45:49.308764+00:00"}
{"level": "info", "method": "GET", "ms": 0, "path": "/v1/searches/80df162d-1aa1-4d89-82d1-163f1dd21b45", "request_id": "d37e02e6-b74d-4e61-9c08-093db9139785", "status": 200, "ts": "2026-08-18T00:45:51.359602+00:00"}
{"level": "info", "method": "GET", "ms": 0, "path": "/v1/searches/80df162d-1aa1-4d89-82d1-163f1dd21b45", "request_id": "59216c50-960b-47ac-b980-b01cdb9cc624", "status": 200, "ts": "2026-08-18T00:45:53.407735+00:00"}
{"level": "info", "method": "GET", "ms": 1, "path": "/v1/searches/80df162d-1aa1-4d89-82d1-163f1dd21b45", "request_id": "ac4f4dab-fb17-4eef-bc17-cb1150b5b097", "status": 200, "ts": "2026-08-18T00:45:55.455773+00:00"}
{"level": "info", "method": "GET", "ms": 1, "path": "/v1/searches/80df162d-1aa1-4d89-82d1-163f1dd21b45", "request_id": "b6b574dd-6d5e-4519-98e9-444d78f42094", "status": 200, "ts": "2026-08-18T00:45:57.512736+00:00"}
{"level": "info", "method": "GET", "ms": 0, "path": "/v1/searches/80df162d-1aa1-4d89-82d1-163f1dd21b45", "request_id": "405f6483-aa96-4cb7-8c89-eb143d826c52", "status": 200, "ts": "2026-08-18T00:45:59.572666+00:00"}
{"level": "info", "method": "GET", "ms": 1, "path": "/v1/searches/80df162d-1aa1-4d89-82d1-163f1dd21b45", "request_id": "827f7d9b-2867-4935-8cd1-dbc664449a3a", "status": 200, "ts": "2026-08-18T00:46:01.627288+00:00"}
{"level": "info", "method": "GET", "ms": 1, "path": "/v1/searches/80df162d-1aa1-4d89-82d1-163f1dd21b45", "request_id": "9408a5b5-166f-4a1c-a04a-0e52b9427a1a", "status": 200, "ts": "2026-08-18T00:46:03.676516+00:00"}
{"level": "info", "method": "GET", "ms": 0, "path": "/v1/searches/80df162d-1aa1-4d89-82d1-163f1dd21b45", "request_id": "4a05fd12-3fee-4bc6-8096-f0eefa24cefd", "status": 200, "ts": "2026-08-18T00:46:05.724548+00:00"}
{"level": "info", "method": "GET", "ms": 0, "path": "/v1/searches/80df162d-1aa1-4d89-82d1-163f1dd21b45", "request_id": "a3eba17b-f805-4bd1-9081-e6ff9417d9ec", "status": 200, "ts": "2026-08-18T00:46:07.773829+00:00"}
{"level": "info", "method": "GET", "ms": 0, "path": "/v1/searches/80df162d-1aa1-4d89-82d1-163f1dd21b45", "request_id": "e203c862-172f-4c0e-a292-e43627339f1f", "status": 200, "ts": "2026-08-18T00:46:09.824787+00:00"}
{"level": "info", "method": "GET", "ms": 1, "path": "/v1/searches/80df162d-1aa1-4d89-82d1-163f1dd21b45", "request_id": "900b46da-696c-4f7b-bc3d-ab1ae3e50b23", "status": 200, "ts": "2026-08-18T00:46:11.881924+00:00"}
{"level": "info", "method": "GET", "ms": 0, "path": "/v1/searches/80df162d-1aa1-4d89-82d1-163f1dd21b45", "request_id": "2bb4a402-7780-4ebd-9db6-497d0ed0dbfc", "status": 200, "ts": "2026-08-18T00:46:13.939492+00:00"}
{"level": "info", "method": "GET", "ms": 1, "path": "/v1/searches/80df162d-1aa1-4d89-82d1-163f1dd21b45", "request_id": "81430e2f-12de-4648-8d0c-24b26ec360df", "status": 200, "ts": "2026-08-18T00:46:15.993317+00:00"}
{"level": "info", "method": "GET", "ms": 1, "path": "/v1/searches/80df162d-1aa1-4d89-82d1-163f1dd21b45", "request_id": "abaa5b53-5940-43d0-96b7-456331454240", "status": 200, "ts": "2026-08-18T00:46:18.046817+00:00"}
{"level": "info", "method": "GET", "ms": 0, "path": "/v1/searches/80df162d-1aa1-4d89-82d1-163f1dd21b45", "request_id": "aed5dd81-9fb8-4384-bdd0-67503ab8a238", "status": 200, "ts": "2026-08-18T00:46:20.101187+00:00"}
{"level": "info", "method": "GET", "ms": 1, "path": "/v1/searches/80df162d-1aa1-4d89-82d1-163f1dd21b45", "request_id": "6dc8b1f9-1c8e-48ec-8128-553d6d09f243", "status": 200, "ts": "2026-08-18T00:46:22.153426+00:00"}
{"level": "info", "method": "GET", "ms": 0, "path": "/v1/searches/80df162d-1aa1-4d89-82d1-163f1dd21b45", "request_id": "e9effafa-d776-49c4-9d17-5b1f3f5d86df", "status": 200, "ts": "2026-08-18T00:46:24.205212+00:00"}
{"level": "info", "method": "GET", "ms": 2, "path": "/v1/searches/80df162d-1aa1-4d89-82d1-163f1dd21b45", "request_id": "04ab9e43-0728-411a-b2ca-a203a57aa764", "status": 200, "ts": "2026-08-18T00:46:26.257152+00:00"}
{"level": "info", "method": "GET", "ms": 0, "path": "/v1/searches/80df162d-1aa1-4d89-82d1-163f1dd21b45", "request_id": "dfb35a47-82ca-458a-8c76-b7a3e12a33f1", "status": 200, "ts": "2026-08-18T00:46:28.307793+00:00"}
{"level": "info", "method": "GET", "ms": 0, "path": "/v1/searches/80df162d-1aa1-4d89-82d1-163f1dd21b45", "request_id": "857dfcef-a94b-42eb-9422-ed722193dbe6", "status": 200, "ts": "2026-08-18T00:46:30.358719+00:00"}
{"level": "info", "method": "GET", "ms": 0, "path": "/v1/searches/80df162d-1aa1-4d89-82d1-163f1dd21b45", "request_id": "3922f772-cd38-4ebb-b65d-a5236bc8f95a", "status": 200, "ts": "2026-08-18T00:46:32.407697+00:00"}
{"level": "info", "method": "GET", "ms": 0, "path": "/v1/searches/80df162d-1aa1-4d89-82d1-163f1dd21b45", "request_id": "1dac7229-1681-43e9-aad2-7016bd7ecc08", "status": 200, "ts": "2026-08-18T00:46:34.464796+00:00"}
{"level": "info", "method": "GET", "ms": 1, "path": "/v1/searches/80df162d-1aa1-4d89-82d1-163f1dd21b45", "request_id": "7716e229-bc2a-4445-b428-a05a409c4c81", "status": 200, "ts": "2026-08-18T00:46:36.515668+00:00"}
{"level": "info", "method": "GET", "ms": 0, "path": "/v1/searches/80df162d-1aa1-4d89-82d1-163f1dd21b45", "request_id": "8a99ee7f-e56c-4e3d-a480-2e122521c1d7", "status": 200, "ts": "2026-08-18T00:46:38.569282+00:00"}
{"level": "info", "method": "GET", "ms": 0, "path": "/v1/searches/80df162d-1aa1-4d89-82d1-163f1dd21b45", "request_id": "f6680245-fb87-4af8-b20f-738b3c1cd4b2", "status": 200, "ts": "2026-08-18T00:46:40.629094+00:00"}
{"level": "info", "method": "GET", "ms": 1, "path": "/v1/searches/80df162d-1aa1-4d89-82d1-163f1dd21b45", "request_id": "f2fdc00e-0a84-43ac-931e-29a1b775914c", "status": 200, "ts": "2026-08-18T00:46:42.687252+00:00"}
{"level": "info", "method": "GET", "ms": 1, "path": "/v1/searches/80df162d-1aa1-4d89-82d1-163f1dd21b45", "request_id": "ef1d4c2e-2394-4902-accf-92e7bc37f84e", "status": 200, "ts": "2026-08-18T00:46:44.733775+00:00"}
{"level": "info", "method": "GET", "ms": 0, "path": "/v1/searches/80df162d-1aa1-4d89-82d1-163f1dd21b45", "request_id": "93f3238d-276a-4edd-8de1-7ec782730da7", "status": 200, "ts": "2026-08-18T00:46:46.784163+00:00"}
{"level": "info", "method": "GET", "ms": 1, "path": "/v1/searches/80df162d-1aa1-4d89-82d1-163f1dd21b45", "request_id": "5f90186c-d4e1-49f5-bd0e-14971ff00c34", "status": 200, "ts": "2026-08-18T00:46:48.828633+00:00"}
{"level": "info", "method": "GET", "ms": 3, "path": "/v1/searches/80df162d-1aa1-4d89-82d1-163f1dd21b45/results", "request_id": "d8ee2af0-a7a4-4bd2-bd7d-6121f79de33f", "status": 200, "ts": "2026-08-18T00:46:48.867754+00:00"}
