{"level": "info", "method": "GET", "ms": 1, "path": "/v1/health", "request_id": "2a7426b6-96c8-4eed-971d-fb8056393df9", "status": 200, "ts": "2026-08-17T04:54:44.004454+00:00"}
{"level": "info", "method": "GET", "ms": 0, "path": "/v1/health", "request_id": "e1a6c8a0-14a8-4e85-825a-b8634ef8e3c9", "status": 200, "ts": "2026-08-17T04:54:59.069627+00:00"}
{"level": "info", "method": "GET", "ms": 0, "path": "/v1/health", "request_id": "5a59ac16-30fd-4751-a6f6-46b41fa9735e", "status": 200, "ts": "2026-08-17T04:54:59.259406+00:00"}
{"level": "info", "method": "POST", "ms": 6, "path": "/v1/searches", "request_id": "74cb3e33-ef57-437f-8391-e028b7ef80e0", "status": 201, "ts": "2026-08-17T04:54:59.324653+00:00"}
{"level": "info", "method": "GET", "ms": 1, "path": "/v1/searches/65551697-84c4-4817-84bd-21bbec4af598", "request_id": "15282476-732f-4fc2-a16f-8a32390cf565", "status": 200, "ts": "2026-08-17T04:54:59.425946+00:00"}
{"level": "info", "method": "GET", "ms": 0, "path": "/v1/searches/65551697-84c4-4817-84bd-21bbec4af598", "request_id": "183498fa-d8d1-4357-8059-fa8f28081b11", "status": 200, "ts": "2026-08-17T04:55:01.648490+00:00"}
{"level": "info", "method": "GET", "ms": 0, "path": "/v1/searches/65551697-84c4-4817-84bd-21bbec4af598", "request_id": "9ea827b7-1e4b-463b-af31-5dfc68b87500", "status": 200, "ts": "2026-08-17T04:55:03.759168+00:00"}
{"level": "info", "method": "GET", "ms": 0, "path": "/v1/searches/65551697-84c4-4817-84bd-21bbec4af598", "request_id": "541a8381-4f63-4342-b954-35d63db3d7d6", "status": 200, "ts": "2026-08-17T04:55:05.875629+00:00"}
{"level": "info", "method": "GET", "ms": 0, "path": "/v1/searches/65551697-84c4-4817-84bd-21bbec4af598", "request_id": "5ef500c1-59e7-41a4-bd43-a477b5250943", "status": 200, "ts": "2026-08-17T04:55:07.984067+00:00"}
{"level": "info", "method": "GET", "ms": 0, "path": "/v1/searches/65551697-84c4-4817-84bd-21bbec4af598", "request_id": "beec9d9b-9e82-48f7-af81-c74690a423b4", "status": 200, "ts": "2026-08-17T04:55:10.092685+00:00"}
{"level": "info", "method": "GET", "ms": 0, "path": "/v1/searches/65551697-84c4-4817-84bd-21bbec4af598", "request_id": "d89df05b-1f56-4b63-88cd-dc4c186ca5dc", "status": 200, "ts": "2026-08-17T04:55:12.205221+00:00"}
{"level": "info", "method": "GET", "ms": 0, "path": "/v1/searches/65551697-84c4-4817-84bd-21bbec4af598", "request_id": "ae6286c2-3528-418c-b567-192e35e5a21b", "status": 200, "ts": "2026-08-17T04:55:14.313784+00:00"}
{"level": "info", "method": "GET", "ms": 0, "path": "/v1/searches/65551697-84c4-4817-84bd-21bbec4af598", "request_id": "f40db13a-1361-4825-aa16-086098e4d70f", "status": 200, "ts": "2026-08-17T04:55:16.428510+00:00"}
{"level": "info", "method": "GET", "ms": 0, "path": "/v1/searches/65551697-84c4-4817-84bd-21bbec4af598", "request_id": "ae9f39b5-4ed7-4dd0-958a-86fc20d291db", "status": 200, "ts": "2026-08-17T04:55:18.541190+00:00"}
{"level": "info", "method": "GET", "ms": 0, "path": "/v1/searches/65551697-84c4-4817-84bd-21bbec4af598", "request_id": "05cf5b67-3f03-48cc-b11e-3709efedf151", "status": 200, "ts": "2026-08-17T04:55:20.648456+00:00"}
{"level": "info", "method": "GET", "ms": 1, "path": "/v1/searches/65551697-84c4-4817-84bd-21bbec4af598", "request_id": "a54c2ba2-c86b-409f-b2ce-5c5c146f3e72", "status": 200, "ts": "2026-08-17T04:55:22.723901+00:00"}
{"level": "info", "method": "GET", "ms": 0, "path": "/v1/searches/65551697-84c4-4817-84bd-21bbec4af598", "request_id": "f7ec4abd-b561-4e7b-a4bc-764a9929b783", "status": 200, "ts": "2026-08-17T04:55:24.837895+00:00"}
{"level": "info", "method": "GET", "ms": 1, "path": "/v1/searches/65551697-84c4-4817-84bd-21bbec4af598", "request_id": "2da779d1-6243-41c0-be35-b194a633e881", "status": 200, "ts": "2026-08-17T04:55:26.957920+00:00"}
{"level": "info", "method": "GET", "ms": 1, "path": "/v1/searches/65551697-84c4-4817-84bd-21bbec4af598", "request_id": "e7ee9362-3665-4447-b07a-cc90359e4e58", "status": 200, "ts": "2026-08-17T04:55:29.072268+00:00"}
{"level": "info", "method": "GET", "ms": 0, "path": "/v1/searches/65551697-84c4-4817-84bd-21bbec4af598", "request_id": "32e8454b-0f45-4cab-ba66-f2a10b01143a", "status": 200, "ts": "2026-08-17T04:55:31.190814+00:00"}
{"level": "info", "method": "GET", "ms": 0, "path": "/v1/searches/65551697-84c4-4817-84bd-21bbec4af598", "request_id": "ce334591-3681-469e-b404-261f8b17531f", "status": 200, "ts": "2026-08-17T04:55:33.309507+00:00"}
{"level": "info", "method": "GET", "ms": 0, "path": "/v1/searches/65551697-84c4-4817-84bd-21bbec4af598", "request_id": "dfd705f7-8edb-4d8e-9439-f666221391cd", "status": 200, "ts": "2026-08-17T04:55:35.419784+00:00"}
{"level": "info", "method": "GET", "ms": 1, "path": "/v1/searches/65551697-84c4-4817-84bd-21bbec4af598", "request_id": "4d95f7f3-f572-4085-bacb-4fd9633686e7", "status": 200, "ts": "2026-08-17T04:55:37.544160+00:00"}
{"level": "info", "method": "GET", "ms": 1, "path": "/v1/searches/65551697-84c4-4817-84bd-21bbec4af598", "request_id": "5df09bac-5e1e-4cdb-9208-b9f7c9f5cbb7", "status": 200, "ts": "2026-08-17T04:55:39.655496+00:00"}
{"level": "info", "method": "GET", "ms": 0, "path": "/v1/searches/65551697-84c4-4817-84bd-21bbec4af598", "request_id": "dbfd3a98-8b70-4853-95eb-9f7b6eef0fe6", "status": 200, "ts": "2026-08-17T04:55:41.770478+00:00"}
{"level": "info", "method": "GET", "ms": 0, "path": "/v1/searches/65551697-84c4-4817-84bd-21bbec4af598", "request_id": "5953ccc8-fb2c-400f-b562-1d061775f7a7", "status": 200, "ts": "2026-08-17T04:55:43.880636+00:00"}
{"level": "info", "method": "GET", "ms": 0, "path": "/v1/searches/65551697-84c4-4817-84bd-21bbec4af598", "request_id": "81e9ce2d-f499-4a5d-b37f-45b4b9213094", "status": 200, "ts": "2026-08-17T04:55:45.986896+00:00"}
{"level": "info", "method": "GET", "ms": 0, "path": "/v1/searches/65551697-84c4-4817-84bd-21bbec4af598", "request_id": "46de2540-870e-4f56-aae9-7ab7fd2e5d08", "status": 200, "ts": "2026-08-17T04:55:48.091644+00:00"}
{"level": "info", "method": "GET", "ms": 0, "path": "/v1/searches/65551697-84c4-4817-84bd-21bbec4af598", "request_id": "2e5a1291-045b-4882-897d-4c9e0ca89fd1", "status": 200, "ts": "2026-08-17T04:55:50.195329+00:00"}
{"level": "info", "method": "GET", "ms": 0, "path": "/v1/searches/65551697-84c4-4817-84bd-21bbec4af598", "request_id": "ec2524a3-7b84-4e02-9113-775929a981d0", "status": 200, "ts": "2026-08-17T04:55:52.307149+00:00"}
{"level": "info", "method": "GET", "ms": 0, "path": "/v1/searches/65551697-84c4-4817-84bd-21bbec4af598", "request_id": "d9d86beb-29c0-4fbc-bfd7-78f7cb20534a", "status": 200, "ts": "2026-08-17T04:55:54.416438+00:00"}
{"level": "info", "method": "GET", "ms": 1, "path": "/v1/searches/65551697-84c4-4817-84bd-21bbec4af598", "request_id": "509c80bb-b351-4e70-8828-88934b987b41", "status": 200, "ts": "2026-08-17T04:55:56.532660+00:00"}
{"level": "info", "method": "GET", "ms": 0, "path": "/v1/searches/65551697-84c4-4817-84bd-21bbec4af598", "request_id": "9f6edd20-5c0d-4092-93fe-2c9498674f9b", "status": 200, "ts": "2026-08-17T04:55:58.637372+00:00"}
{"level": "info", "method": "GET", "ms": 0, "path": "/v1/searches/65551697-84c4-4817-84bd-21bbec4af598", "request_id": "08c95eaf-5802-4ce9-b3ba-8df473e1e6d7", "status": 200, "ts": "2026-08-17T04:56:00.707445+00:00"}
{"level": "info", "method": "GET", "ms": 1, "path": "/v1/searches/65551697-84c4-4817-84bd-21bbec4af598", "request_id": "3ce4ba67-be5d-493e-8b04-baa54fb45772", "status": 200, "ts": "2026-08-17T04:56:02.818939+00:00"}
{"level": "info", "method": "GET", "ms": 0, "path": "/v1/searches/65551697-84c4-4817-84bd-21bbec4af598", "request_id": "533e1a19-8e7e-49ec-99bd-58ee6f09b101", "status": 200, "ts": "2026-08-17T04:56:04.931982+00:00"}
{"level": "info", "method": "GET", "ms": 0, "path": "/v1/searches/65551697-84c4-4817-84bd-21bbec4af598", "request_id": "64656ca8-5c4c-4400-b6d6-a50ce9f3a84b", "status": 200, "ts": "2026-08-17T04:56:07.040387+00:00"}
{"level": "info", "method": "GET", "ms": 3, "path": "/v1/searches/65551697-84c4-4817-84bd-21bbec4af598", "request_id": "7f3c0cbf-a4c6-42ee-9006-31652dfbfabb", "status": 200, "ts": "2026-08-17T04:56:09.157158+00:00"}
{"level": "info", "method": "GET", "ms": 1, "path": "/v1/searches/65551697-84c4-4817-84bd-21bbec4af598", "request_id": "b4ccba91-a60f-46a4-9db0-f0c9597d2f24", "status": 200, "ts": "2026-08-17T04:56:11.269165+00:00"}
{"level": "info", "method": "GET", "ms": 0, "path": "/v1/searches/65551697-84c4-4817-84bd-21bbec4af598", "request_id": "633be991-3b22-49cd-b0c5-15d1d86c0987", "status": 200, "ts": "2026-08-17T04:56:13.379344+00:00"}
{"level": "info", "method": "GET", "ms": 0, "path": "/v1/searches/65551697-84c4-4817-84bd-21bbec4af598", "request_id": "77620ff0-24ac-416e-9eac-1d2c65630efc", "status": 200, "ts": "2026-08-17T04:56:15.498150+00:00"}
{"level": "info", "method": "GET", "ms": 0, "path": "/v1/searches/65551697-84c4-4817-84bd-21bbec4af598", "request_id": "1a822857-8af9-4da2-ba02-8cf88c620563", "status": 200, "ts": "2026-08-17T04:56:17.614362+00:00"}
{"level": "info", "method": "GET", "ms": 0, "path": "/v1/searches/65551697-84c4-4817-84bd-21bbec4af598", "request_id": "68b93e2e-a90b-4f2b-b127-b7321c9dfb4e", "status": 200, "ts": "2026-08-17T04:56:19.719964+00:00"}
{"level": "info", "method": "GET", "ms": 0, "path": "/v1/searches/65551697-84c4-4817-84bd-21bbec4af598", "request_id": "a971b502-0654-4b34-88cd-cf478e6ada59", "status": 200, "ts": "2026-08-17T04:56:21.832789+00:00"}
{"level": "info", "method": "GET", "ms": 0, "path": "/v1/searches/65551697-84c4-4817-84bd-21bbec4af598", "request_id": "ee2e99d8-a5eb-4a10-ac3b-428b07083c41", "status": 200, "ts": "2026-08-17T04:56:23.946704+00:00"}
{"level": "info", "method": "GET", "ms": 0, "path": "/v1/searches/65551697-84c4-4817-84bd-21bbec4af598", "request_id": "61a1e741-afb1-447a-9003-76a729c2d683", "status": 200, "ts": "2026-08-17T04:56:26.061858+00:00"}
{"level": "info", "method": "GET", "ms": 1, "path": "/v1/searches/65551697-84c4-4817-84bd-21bbec4af598", "request_id": "38295c1b-37e8-4457-856d-a4b396259d7f", "status": 200, "ts": "2026-08-17T04:56:28.160372+00:00"}
{"level": "info", "method": "GET", "ms": 0, "path": "/v1/searches/65551697-84c4-4817-84bd-21bbec4af598", "request_id": "d3a94cb8-456e-468d-b67d-ab56a0545537", "status": 200, "ts": "2026-08-17T04:56:30.236752+00:00"}
{"level": "info", "method": "GET", "ms": 0, "path": "/v1/searches/65551697-84c4-4817-84bd-21bbec4af598", "request_id": "0f9665c2-5e13-4466-96e9-bd21aeeff606", "status": 200, "ts": "2026-08-17T04:56:32.353439+00:00"}
{"level": "info", "method": "GET", "ms": 0, "path": "/v1/searches/65551697-84c4-4817-84bd-21bbec4af598", "request_id": "f8d5daf8-7514-4192-8962-f000b6069f5f", "status": 200, "ts": "2026-08-17T04:56:34.459858+00:00"}
{"level": "info", "method": "GET", "ms": 0, "path": "/v1/searches/65551697-84c4-4817-84bd-21bbec4af598", "request_id": "0ceda4f3-76db-47b3-9b77-0ac411f3d263", "status": 200, "ts": "2026-08-17T04:56:36.537896+00:00"}
{"level": "info", "method": "GET", "ms": 0, "path": "/v1/searches/65551697-84c4-4817-84bd-21bbec4af598", "request_id": "179da7c5-67d0-4d21-bc45-02a0d465cb7b", "status": 200, "ts": "2026-08-17T04:56:38.619486+00:00"}
{"level": "info", "method": "GET", "ms": 0, "path": "/v1/searches/65551697-84c4-4817-84bd-21bbec4af598", "request_id": "08523d87-27d5-4175-a476-903bd07edd25", "status": 200, "ts": "2026-08-17T04:56:40.696183+00:00"}
{"level": "info", "method": "GET", "ms": 0, "path": "/v1/searches/65551697-84c4-4817-84bd-21bbec4af598", "request_id": "dffb999d-39a5-43c8-8c82-0e36d9e5293a", "status": 200, "ts": "2026-08-17T04:56:42.807466+00:00"}
{"level": "info", "method": "GET", "ms": 0, "path": "/v1/searches/65551697-84c4-4817-84bd-21bbec4af598", "request_id": "c7b037e9-5d4e-49d2-bc7a-84fbadd859ae", "status": 200, "ts": "2026-08-17T04:56:44.923313+00:00"}
{"level": "info", "method": "GET", "ms": 0, "path": "/v1/searches/65551697-84c4-4817-84bd-21bbec4af598", "request_id": "0a190e01-9a2d-4cf9-a38a-083f989d04c8", "status": 200, "ts": "2026-08-17T04:56:47.035911+00:00"}
{"level": "info", "method": "GET", "ms": 0, "path": "/v1/searches/65551697-84c4-4817-84bd-21bbec4af598", "request_id": "4f4a2d07-7124-4ba5-89ce-61fc4df09240", "status": 200, "ts": "2026-08-17T04:56:49.153673+00:00"}
{"level": "info", "method": "GET", "ms": 0, "path": "/v1/searches/65551697-84c4-4817-84bd-21bbec4af598", "request_id": "cc525835-fbaa-4a20-b657-ca166d13ee94", "status": 200, "ts": "2026-08-17T04:56:51.257393+00:00"}
{"level": "info", "method": "GET", "ms": 0, "path": "/v1/searches/65551697-84c4-4817-84bd-21bbec4af598", "request_id": "903d5d89-1ce1-4dde-82d4-68d03c007259", "status": 200, "ts": "2026-08-17T04:56:53.363224+00:00"}
{"level": "info", "method": "GET", "ms": 0, "path": "/v1/searches/65551697-84c4-4817-84bd-21bbec4af598", "request_id": "0970cd96-61f6-4445-827c-39939dcec3f7", "status": 200, "ts": "2026-08-17T04:56:55.468288+00:00"}
{"level": "info", "method": "GET", "ms": 0, "path": "/v1/searches/65551697-84c4-4817-84bd-21bbec4af598", "request_id": "b3212ed6-14fb-4137-ab77-5ef1632bca53", "status": 200, "ts": "2026-08-17T04:56:57.575550+00:00"}
{"level": "info", "method": "GET", "ms": 0, "path": "/v1/searches/65551697-84c4-4817-84bd-21bbec4af598", "request_id": "de0f4358-e1b5-491e-876d-b0c77efa09c2", "status": 200, "ts": "2026-08-17T04:56:59.688779+00:00"}
{"level": "info", "method": "GET", "ms": 0, "path": "/v1/searches/65551697-84c4-4817-84bd-21bbec4af598", "request_id": "04097671-00c1-4f8d-91ff-fcc2c75fc297", "status": 200, "ts": "2026-08-17T04:57:01.806293+00:00"}
{"level": "info", "method": "GET", "ms": 0, "path": "/v1/searches/65551697-84c4-4817-84bd-21bbec4af598", "request_id": "6fd41e4b-3ba1-4bc4-b61b-9578c7d4c325", "status": 200, "ts": "2026-08-17T04:57:03.917259+00:00"}
{"level": "info", "method": "GET", "ms": 0, "path": "/v1/searches/65551697-84c4-4817-84bd-21bbec4af598", "request_id": "de05f39d-9ad1-46b3-9218-38aa3f4d938f", "status": 200, "ts": "2026-08-17T04:57:06.024102+00:00"}
{"level": "info", "method": "GET", "ms": 0, "path": "/v1/searches/65551697-84c4-4817-84bd-21bbec4af598", "request_id": "3b838eea-8c1d-4d49-b14e-f00fe071312b", "status": 200, "ts": "2026-08-17T04:57:08.134751+00:00"}
{"level": "info", "method": "GET", "ms": 0, "path": "/v1/searches/65551697-84c4-4817-84bd-21bbec4af598", "request_id": "662b5d59-2498-4f8e-bc06-81709db113df", "status": 200, "ts": "2026-08-17T04:57:10.243391+00:00"}
{"level": "info", "method": "GET", "ms": 0, "path": "/v1/searches/65551697-84c4-4817-84bd-21bbec4af598", "request_id": "438e7a6f-e905-47e4-905b-f27b2716dd75", "status": 200, "ts": "2026-08-17T04:57:12.352824+00:00"}
{"level": "info", "method": "GET", "ms": 2, "path": "/v1/searches/65551697-84c4-4817-84bd-21bbec4af598/results", "request_id": "2e59fd0e-641b-4957-8dcf-22989f54c7e3", "status": 200, "ts": "2026-08-17T04:57:12.467390+00:00"}
